{
    "states": [
        [
            "x"
        ],
        [
            "x",
            "y"
        ],
        [
            "x",
            "z"
        ]
    ],
    "final_states": [
        [
            "y",
            "x"
        ],
        [
            "z",
            "x"
        ]
    ],
    "transitions": {
        "x": {
            "0": [
                "y",
                "x"
            ],
            "1": [
                "x"
            ]
        },
        "x,y": {
            "0": [
                "y",
                "x"
            ],
            "1": [
                "z",
                "x"
            ]
        },
        "x,z": {
            "0": [
                "y",
                "x"
            ],
            "1": [
                "x"
            ]
        }
    },
    "alphabet": [
        "0",
        "1"
    ],
    "type": "automaton",
    "init_state": "x"
}