{
    "alphabet": [
        "a",
        "b",
        "c"
    ],
    "final_states": [
        [
            "q",
            "r"
        ],
        [
            "r"
        ],
        [
            "q",
            "r",
            "p"
        ]
    ],
    "states": [
        [
            "q",
            "p"
        ],
        [
            "q",
            "r"
        ],
        [
            "r"
        ],
        [
            "q",
            "r",
            "p"
        ]
    ],
    "init_state": "q",
    "transitions": {
        "q,p": {
            "c": [
                "q",
                "r",
                "p"
            ],
            "b": [
                "q",
                "r"
            ],
            "a": [
                "q",
                "p"
            ]
        },
        "q,r": {
            "c": [
                "q",
                "p"
            ],
            "b": [
                "r"
            ],
            "a": [
                "q",
                "p"
            ]
        },
        "r": {
            "c": [],
            "b": [],
            "a": []
        },
        "q,r,p": {
            "c": [
                "q",
                "r",
                "p"
            ],
            "b": [
                "q",
                "r"
            ],
            "a": [
                "q",
                "p"
            ]
        }
    },
    "type": "automaton"
}