{
    "transitions": {
        "q,p": {
            "c": [
                "p",
                "r",
                "q"
            ],
            "b": [
                "r",
                "q"
            ],
            "a": [
                "p",
                "q"
            ]
        },
        "r": {
            "b": [],
            "c": [],
            "a": []
        },
        "r,q": {
            "c": [
                "p",
                "q"
            ],
            "b": [
                "r"
            ],
            "a": [
                "p",
                "q"
            ]
        },
        "r,q,p": {
            "c": [
                "p",
                "r",
                "q"
            ],
            "b": [
                "r",
                "q"
            ],
            "a": [
                "p",
                "q"
            ]
        }
    },
    "alphabet": [
        "b",
        "c",
        "a"
    ],
    "final_states": [
        [
            "r"
        ],
        [
            "r",
            "q"
        ],
        [
            "p",
            "r",
            "q"
        ]
    ],
    "states": [
        [
            "q",
            "p"
        ],
        [
            "r"
        ],
        [
            "r",
            "q"
        ],
        [
            "r",
            "q",
            "p"
        ]
    ],
    "init_state": "q",
    "type": "automaton"
}