{
    "transitions": {
        "q0": {
            "a": [
                "q0",
                "q1"
            ],
            "b": [
                "q0"
            ]
        },
        "q0,q1,q2": {
            "a": [
                "q0",
                "q1",
                "q2"
            ],
            "b": [
                "q0",
                "q3"
            ]
        },
        "q0,q1,q3": {
            "a": [
                "q0",
                "q1",
                "q2",
                "q3"
            ],
            "b": [
                "q0",
                "q3"
            ]
        },
        "q0,q1,q2,q3": {
            "a": [
                "q0",
                "q1",
                "q2",
                "q3"
            ],
            "b": [
                "q0",
                "q3"
            ]
        },
        "q0,q3": {
            "a": [
                "q0",
                "q1",
                "q3"
            ],
            "b": [
                "q0",
                "q3"
            ]
        },
        "q0,q1": {
            "a": [
                "q0",
                "q1",
                "q2"
            ],
            "b": [
                "q0"
            ]
        }
    },
    "init_state": "q0",
    "states": [
        [
            "q0",
            "q1",
            "q2",
            "q3"
        ],
        [
            "q0",
            "q3"
        ],
        [
            "q0",
            "q1"
        ],
        [
            "q0"
        ],
        [
            "q0",
            "q1",
            "q3"
        ],
        [
            "q0",
            "q1",
            "q2"
        ]
    ],
    "final_states": [
        [
            "q0",
            "q1",
            "q2",
            "q3"
        ],
        [
            "q0",
            "q1",
            "q3"
        ],
        [
            "q0",
            "q3"
        ]
    ],
    "alphabet": [
        "a",
        "b"
    ],
    "type": "automaton"
}