{
    "final_states": [
        [
            "r",
            "q"
        ],
        [
            "q",
            "r",
            "p"
        ],
        [
            "r"
        ]
    ],
    "states": [
        [
            "q",
            "p"
        ],
        [
            "r",
            "q"
        ],
        [
            "q",
            "r",
            "p"
        ],
        [
            "r"
        ]
    ],
    "transitions": {
        "['r']": [
            "r"
        ],
        "['q', 'p']": [
            "q",
            "p"
        ],
        "['r', 'q']": [
            "r",
            "q"
        ],
        "['q', 'r', 'p']": [
            "q",
            "r",
            "p"
        ]
    },
    "type": "automaton",
    "init_state": [
        "q",
        "p"
    ],
    "alphabet": [
        "c",
        "b",
        "a"
    ]
}