{
    "final_states": [
        [
            "y",
            "x"
        ],
        [
            "z",
            "x"
        ]
    ],
    "states": [
        [
            "x"
        ],
        [
            "y",
            "x"
        ],
        [
            "z",
            "x"
        ]
    ],
    "transitions": {
        "['y', 'x']": [
            "y",
            "x"
        ],
        "['x']": [
            "x"
        ],
        "['z', 'x']": [
            "z",
            "x"
        ]
    },
    "type": "automaton",
    "init_state": [
        "x"
    ],
    "alphabet": [
        "0",
        "1"
    ]
}