{
    "final_states": [
        [
            "q0",
            "q1",
            "q3"
        ],
        [
            "q0",
            "q1",
            "q2",
            "q3"
        ],
        [
            "q0",
            "q3"
        ]
    ],
    "states": [
        [
            "q0",
            "q1",
            "q2"
        ],
        [
            "q0",
            "q1",
            "q2",
            "q3"
        ],
        [
            "q0",
            "q1",
            "q3"
        ],
        [
            "q0",
            "q3"
        ],
        [
            "q0"
        ],
        [
            "q0",
            "q1"
        ]
    ],
    "transitions": {
        "['q0', 'q1', 'q2']": [
            "q0",
            "q1",
            "q2"
        ],
        "['q0', 'q3']": [
            "q0",
            "q3"
        ],
        "['q0', 'q1', 'q3']": [
            "q0",
            "q1",
            "q3"
        ],
        "['q0', 'q1', 'q2', 'q3']": [
            "q0",
            "q1",
            "q2",
            "q3"
        ],
        "['q0', 'q1']": [
            "q0",
            "q1"
        ],
        "['q0']": [
            "q0"
        ]
    },
    "type": "automaton",
    "init_state": [
        "q0"
    ],
    "alphabet": [
        "b",
        "a"
    ]
}