{
    "productions": {
        "Q1,Q0": [
            "bQ0",
            "aQ0,Q1,Q2"
        ],
        "Q2,Q1,Q0": [
            "aQ0,Q1,Q2",
            "bQ0,Q3",
            "b"
        ],
        "Q3,Q2,Q1,Q0": [
            "a",
            "bQ0,Q3",
            "aQ0,Q1,Q3,Q2",
            "b"
        ],
        "Q3,Q1,Q0": [
            "a",
            "bQ0,Q3",
            "aQ0,Q1,Q3,Q2",
            "b"
        ],
        "Q3,Q0": [
            "a",
            "bQ0,Q3",
            "aQ0,Q1,Q3",
            "b"
        ],
        "Q0": [
            "bQ0",
            "aQ0,Q1"
        ]
    },
    "terminals": [
        "Q1,Q0",
        "Q3,Q2,Q1,Q0",
        "Q2,Q1,Q0",
        "Q3,Q1,Q0",
        "Q0",
        "Q3,Q0"
    ],
    "init_production": "Q0",
    "type": "grammar",
    "non_terminals": [
        "a",
        "b"
    ]
}