{
    "alphabet": [
        "0",
        "1"
    ],
    "type": "automaton",
    "transitions": {
        "['z', 'x']": {
            "0": [
                "y",
                "x"
            ],
            "1": [
                "x"
            ]
        },
        "['y', 'x']": {
            "0": [
                "y",
                "x"
            ],
            "1": [
                "z",
                "x"
            ]
        },
        "['x']": {
            "0": [
                "y",
                "x"
            ],
            "1": [
                "x"
            ]
        }
    },
    "init_state": [
        "x"
    ],
    "states": [
        [
            "x"
        ],
        [
            "y",
            "x"
        ],
        [
            "z",
            "x"
        ]
    ],
    "final_states": [
        [
            "y",
            "x"
        ],
        [
            "z",
            "x"
        ]
    ]
}