{
    "alphabet": [
        "a",
        "b"
    ],
    "type": "automaton",
    "transitions": {
        "['q3', 'q0']": {
            "a": [
                "q3",
                "q0",
                "q1"
            ],
            "b": [
                "q3",
                "q0"
            ]
        },
        "['q0', 'q1']": {
            "a": [
                "q2",
                "q0",
                "q1"
            ],
            "b": [
                "q0"
            ]
        },
        "['q0']": {
            "a": [
                "q0",
                "q1"
            ],
            "b": [
                "q0"
            ]
        },
        "['q2', 'q3', 'q0', 'q1']": {
            "a": [
                "q2",
                "q3",
                "q0",
                "q1"
            ],
            "b": [
                "q3",
                "q0"
            ]
        },
        "['q2', 'q0', 'q1']": {
            "a": [
                "q2",
                "q0",
                "q1"
            ],
            "b": [
                "q3",
                "q0"
            ]
        },
        "['q3', 'q0', 'q1']": {
            "a": [
                "q2",
                "q3",
                "q0",
                "q1"
            ],
            "b": [
                "q3",
                "q0"
            ]
        }
    },
    "init_state": [
        "q0"
    ],
    "states": [
        [
            "q2",
            "q3",
            "q0",
            "q1"
        ],
        [
            "q0"
        ],
        [
            "q3",
            "q0",
            "q1"
        ],
        [
            "q3",
            "q0"
        ],
        [
            "q2",
            "q0",
            "q1"
        ],
        [
            "q0",
            "q1"
        ]
    ],
    "final_states": [
        [
            "q2",
            "q3",
            "q0",
            "q1"
        ],
        [
            "q3",
            "q0",
            "q1"
        ],
        [
            "q3",
            "q0"
        ]
    ]
}