{
    "alphabet": [
        "a",
        "c",
        "b"
    ],
    "type": "automaton",
    "transitions": {
        "['p', 'q']": {
            "a": [
                "p",
                "q"
            ],
            "c": [
                "p",
                "r",
                "q"
            ],
            "b": [
                "q",
                "r"
            ]
        },
        "['q', 'r']": {
            "a": [
                "p",
                "q"
            ],
            "c": [
                "p",
                "q"
            ],
            "b": [
                "r"
            ]
        },
        "['p', 'q', 'r']": {
            "a": [
                "p",
                "q"
            ],
            "c": [
                "p",
                "r",
                "q"
            ],
            "b": [
                "q",
                "r"
            ]
        },
        "['r']": {
            "a": [],
            "Îµ": [],
            "c": [],
            "b": []
        }
    },
    "init_state": [
        "p",
        "q"
    ],
    "states": [
        [
            "r"
        ],
        [
            "p",
            "q"
        ],
        [
            "p",
            "q",
            "r"
        ],
        [
            "q",
            "r"
        ]
    ],
    "final_states": [
        [
            "r"
        ],
        [
            "p",
            "q",
            "r"
        ],
        [
            "q",
            "r"
        ]
    ]
}