{
    "type": "regexp",
    "expression": "(ε)(a)*(ε)"
}