{
    "type": "regexp",
    "expression": "(ε)((((c)(c)*(b))|b)(c)|((c)(c)*(a))|a)*((((c)(c)*(b))|b)((b)(ε)|ε)|(c)(c)*(ε))"
}