{
    "type": "regexp",
    "expression": "(((((ε)(b)*(a))((b)(b)*(a))*(((a)(a)*(b))(b)*(a)))((b)(b)*(a))*(a))((((b)(b)*(a))((b)(b)*(a))*(a))|a)*((((b)(b)*(a))((b)(b)*(a))*(((b)(b)*(ε))|ε))|((b)(b)*(ε))|ε))|((((ε)(b)*(a))((b)(b)*(a))*(((a)(a)*(b))(b)*(a)))((b)(b)*(a))*(((b)(b)*(ε))|ε))|((ε)(b)*(a))((b)(b)*(a))*(((a)(a)*(b))(b)*(ε))"
}