{
    "type": "regexp",
    "expression": "(ε)((((0)(0)*(1))((0)(0)*(1))*(1))|1)*((((0)(0)*(1))((0)(0)*(1))*(((0)(0)*(ε))|ε))|(0)(0)*(ε))"
}